<html><head><title>one-page-and-a-hidden-directory</title><style></style></head><body><main><h1>one-page-and-a-hidden-directory</h1></main></body></html>