<html><head><title>one-page-no-layout</title><style></style></head><body><main><h1>one-page-no-layout</h1><h2>Foo 1</h2><div id="foo1"></div><h2>Foo 2</h2><div class="signup" language="da-DK"></div></main><script>!function(){function c(n,e,r,t,o,u,i){try{var a=n[u](i),c=a.value}catch(n){return void r(n)}a.done?e(c):Promise.resolve(c).then(t,o)}function n(a){return function(){var n=this,i=arguments;return new Promise(function(e,r){var t=a.apply(n,i);function o(n){c(t,e,r,o,u,"next",n)}function u(n){c(t,e,r,o,u,"throw",n)}o(void 0)})}}function r(){return e.apply(this,arguments)}function e(){return(e=n(regeneratorRuntime.mark(function n(){return regeneratorRuntime.wrap(function(n){for(;;)switch(n.prev=n.next){case 0:return n.abrupt("return","something");case 1:case"end":return n.stop()}},n)}))).apply(this,arguments)}function t(){return(t=n(regeneratorRuntime.mark(function n(){var e;return regeneratorRuntime.wrap(function(n){for(;;)switch(n.prev=n.next){case 0:return n.next=2,r();case 2:e=n.sent,console.log("Hello",e);case 4:case"end":return n.stop()}},n)}))).apply(this,arguments)}!function(){t.apply(this,arguments)}()}();</script></body></html>