<html><head><style>.header{background-color:#000;height:2rem;}.footer{background-color:#fff;height:1rem;}</style></head><body><header class="header"></header><main><h1>many-pages-foo</h1></main><footer class="footer"><p>@copy; 2016</p></footer></body></html>