<html><head><style>.footer,.header{background-color:#222;height:2rem}</style></head><body><header class="header"></header><main><h1>many-pages-foo</h1></main><footer class="footer"><p>@copy; 2016</p></footer></body></html>