<html><head><title>one-page-no-layout</title><style></style></head><body><main><h1>one-page-no-layout</h1><h2>Foo 1</h2><div id="foo1"></div><h2>Foo 2</h2><div class="signup" language="da-DK"></div></main><script>!function(){"use strict";console.log("Hello")}();</script></body></html>