<html><head><style>.header{background-color:#000;height:2rem;}.footer{background-color:#fff;height:1rem;}</style></head><body><header class="header"></header><main><h1>one-page-and-four-variants 0</h1></main><footer class="footer"><p>@copy; 2017</p></footer></body></html>