<html><head><title>one-page-and-a-script</title><style></style></head><body><main><h1>one-page-and-a-script</h1></main><script>console.log("hi");</script><script>console.log("_index");</script></body></html>